NAME:
   redpanda-connect lint - Parse Redpanda Connect configs and report any linting errors

USAGE:
   redpanda-connect lint [command options]

DESCRIPTION:
   Exits with a status code 1 if any linting errors are detected:

     redpanda-connect lint ./configs/*.yaml
     redpanda-connect lint ./foo.yaml ./bar.yaml
     redpanda-connect lint ./configs/...

   If a path ends with '...' then Redpanda Connect will walk the target and lint any
   files with the .yaml or .yml extension.

OPTIONS:
   --deprecated                                                 Print linting errors for the presence of deprecated fields. (default: false)
   --labels                                                     Print linting errors when components do not have labels. (default: false)
   --skip-env-var-check                                         Do not produce lint errors when environment interpolations exist without defaults within configs but aren't defined. (default: false)
   --verbose                                                    Print the lint result for each target file. (default: false)
   --resources value, -r value [ --resources value, -r value ]  pull in extra resources from a file, which can be referenced the same as resources defined in the main config, supports glob patterns (requires quotes)
   --env-file value, -e value [ --env-file value, -e value ]    import environment variables from a dotenv file
   --templates value, -t value [ --templates value, -t value ]  EXPERIMENTAL: import Redpanda Connect templates, supports glob patterns (requires quotes)
   --help, -h                                                   show help
